// Jest Snapshot v1, https://goo.gl/fbAQLP

exports[`/contact 1`] = `
<div>
  <div
    class="css-0"
  >
    <nav
      class="css-1cahzu1"
    >
      <div
        class="css-cpn6u3"
      >
        <span
          style="box-sizing: border-box; display: inline-block; overflow: hidden; background: none; opacity: 1; border: 0px; margin: 0px; padding: 0px; position: relative; max-width: 100%;"
        >
          <span
            style="box-sizing: border-box; display: block; background: none; opacity: 1; border: 0px; margin: 0px; padding: 0px; max-width: 100%;"
          >
            <img
              alt=""
              aria-hidden="true"
              src="data:image/svg+xml,%3csvg%20xmlns=%27http://www.w3.org/2000/svg%27%20version=%271.1%27%20width=%2780%27%20height=%2760%27/%3e"
              style="display: block; max-width: 100%; background: none; opacity: 1; border: 0px; margin: 0px; padding: 0px;"
            />
          </span>
          <img
            data-nimg="intrinsic"
            decoding="async"
            src="data:image/gif;base64,R0lGODlhAQABAIAAAAAAAP///yH5BAEAAAAALAAAAAABAAEAAAIBRAA7"
            style="position: absolute; top: 0px; left: 0px; bottom: 0px; right: 0px; box-sizing: border-box; padding: 0px; margin: auto; display: block; width: 0px; height: 0px; min-width: 100%; max-width: 100%; min-height: 100%; max-height: 100%;"
          />
          <noscript />
        </span>
      </div>
      <div
        class="css-1c2za90"
      >
        <p
          class="chakra-text css-v05hfz"
        >
          <a
            class="chakra-link css-3wpten"
            data-test-id="navigation-Top"
          >
            Top
          </a>
        </p>
        <p
          class="chakra-text css-v05hfz"
        >
          <a
            class="chakra-link css-3wpten"
            data-test-id="navigation-Work"
          >
            Work
          </a>
        </p>
        <p
          class="chakra-text css-v05hfz"
        >
          <a
            class="chakra-link css-3wpten"
            data-test-id="navigation-Article"
          >
            Article
          </a>
        </p>
        <p
          class="chakra-text css-v05hfz"
        >
          <a
            class="chakra-link css-3wpten"
            data-test-id="navigation-Contact"
          >
            Contact
          </a>
        </p>
      </div>
      <button
        aria-label="DarkMode Switch"
        class="chakra-button css-50i2wx"
        type="button"
      >
        <svg
          aria-hidden="true"
          class="chakra-icon css-onkibi"
          focusable="false"
          viewBox="0 0 24 24"
        >
          <path
            d="M21.4,13.7C20.6,13.9,19.8,14,19,14c-5,0-9-4-9-9c0-0.8,0.1-1.6,0.3-2.4c0.1-0.3,0-0.7-0.3-1 c-0.3-0.3-0.6-0.4-1-0.3C4.3,2.7,1,7.1,1,12c0,6.1,4.9,11,11,11c4.9,0,9.3-3.3,10.6-8.1c0.1-0.3,0-0.7-0.3-1 C22.1,13.7,21.7,13.6,21.4,13.7z"
            fill="currentColor"
          />
        </svg>
      </button>
    </nav>
    <div
      class="css-rszk63"
    >
      <h4
        class="chakra-heading css-1sr6c4u"
      >
        Contact
      </h4>
      <div
        class="chakra-container css-ypmdfm"
      >
        <p
          class="chakra-text css-xi606m"
        >
          何かございましたら下のフォームからご連絡ください。
          <br />
          Feel free to contact me from below.
        </p>
        <div
          class="css-1dfptg7"
        >
          <div
            class="chakra-form-control css-1kxonj9"
            role="group"
          >
            <input
              aria-required="true"
              class="chakra-input css-1lw1oo1"
              id="name"
              isfullwidth="true"
              placeholder="Name"
              required=""
              type="text"
              value=""
            />
          </div>
          <div
            class="chakra-form-control css-1kxonj9"
            role="group"
          >
            <input
              aria-required="true"
              class="chakra-input css-1lw1oo1"
              id="title"
              isfullwidth="true"
              placeholder="Title"
              required=""
              type="text"
              value=""
            />
          </div>
          <div
            class="chakra-form-control css-1kxonj9"
            role="group"
          >
            <input
              aria-required="true"
              class="chakra-input css-1lw1oo1"
              id="email"
              isfullwidth="true"
              placeholder="Email Address"
              required=""
              type="email"
              value=""
            />
          </div>
          <div
            class="chakra-form-control css-1kxonj9"
            role="group"
          >
            <input
              aria-required="true"
              class="chakra-input css-1lw1oo1"
              id="message"
              isfullwidth="true"
              multiline="true"
              placeholder="Contents"
              required=""
              value=""
            />
          </div>
          <button
            class="chakra-button css-1oaq8qa"
            type="button"
          >
            送信
          </button>
        </div>
      </div>
    </div>
  </div>
</div>
`;
